[themeturn.com/tf-db/promotal-intro/promotal/index.html]
[themeturn.com/tf-db/promotal-intro/promotal/assets/bootstrap/css/bootstrap.css]
[themeturn.com/tf-db/promotal-intro/promotal/assets/css/icofont.css]
[themeturn.com/tf-db/promotal-intro/promotal/assets/css/font-awesome.css]
[themeturn.com/tf-db/promotal-intro/promotal/assets/css/owl.carousel.min.css]
[themeturn.com/tf-db/promotal-intro/promotal/assets/css/owl.theme.default.min.css]
[themeturn.com/tf-db/promotal-intro/promotal/assets/css/aos.css]
[themeturn.com/tf-db/promotal-intro/promotal/assets/css/animate.css]
[themeturn.com/tf-db/promotal-intro/promotal/assets/css/style.css]
[themeturn.com/tf-db/promotal-intro/promotal/assets/css/responsive.css]
[backblue.gif]
[fade.gif]
[index.html]
[themeturn.com/tf-db/promotal-intro/promotal/assets/images/logo.png]
[themeturn.com/tf-db/promotal-intro/promotal/index-2.html]
[themeturn.com/tf-db/promotal-intro/promotal/index-slider.html]
[themeturn.com/tf-db/promotal-intro/promotal/index-slider2.html]
[themeturn.com/tf-db/promotal-intro/promotal/about.html]
[themeturn.com/tf-db/promotal-intro/promotal/service.html]
[themeturn.com/tf-db/promotal-intro/promotal/blog.html]
[themeturn.com/tf-db/promotal-intro/promotal/blog-single.html]
[themeturn.com/tf-db/promotal-intro/promotal/contact.html]
[themeturn.com/tf-db/promotal-intro/promotal/assets/images/about/accom-2.jpg]
[themeturn.com/tf-db/promotal-intro/promotal/assets/images/about/about-img.jpg]
[themeturn.com/tf-db/promotal-intro/promotal/assets/images/about/accom-3.jpg]
[themeturn.com/tf-db/promotal-intro/promotal/assets/images/about/about_image.png]
[themeturn.com/tf-db/promotal-intro/promotal/assets/images/clients/img-1.jpg]
[themeturn.com/tf-db/promotal-intro/promotal/assets/images/blog/accom-2.jpg]
[themeturn.com/tf-db/promotal-intro/promotal/assets/images/blog/accom-3.jpg]
[themeturn.com/tf-db/promotal-intro/promotal/assets/images/blog/accom-4.jpg]
[themeturn.com/tf-db/promotal-intro/promotal/assets/images/clients/client1.png]
[themeturn.com/tf-db/promotal-intro/promotal/assets/images/clients/client2.png]
[themeturn.com/tf-db/promotal-intro/promotal/assets/images/clients/client3.png]
[themeturn.com/tf-db/promotal-intro/promotal/assets/images/clients/client4.png]
[themeturn.com/tf-db/promotal-intro/promotal/assets/images/logo-w.png]
[themeturn.com/tf-db/promotal-intro/promotal/assets/js/jquery.min.js]
[themeturn.com/tf-db/promotal-intro/promotal/assets/bootstrap/js/popper.min.js]
[themeturn.com/tf-db/promotal-intro/promotal/assets/bootstrap/js/bootstrap.min.js]
[themeturn.com/tf-db/promotal-intro/promotal/assets/js/aos.js]
[themeturn.com/tf-db/promotal-intro/promotal/assets/js/jquery.easing.min.js]
[themeturn.com/tf-db/promotal-intro/promotal/assets/js/owl.carousel.min.js]
[themeturn.com/tf-db/promotal-intro/promotal/assets/js/custom.js]
[themeturn.com/tf-db/promotal-intro/promotal/index.html]
[themeturn.com/tf-db/promotal-intro/promotal/assets/bootstrap/css/bootstrap.css]
[themeturn.com/tf-db/promotal-intro/promotal/assets/fonts/icofont7858.eot]
[themeturn.com/tf-db/promotal-intro/promotal/assets/fonts/icofont7858.woff]
[themeturn.com/tf-db/promotal-intro/promotal/assets/fonts/icofont7858.ttf]
[themeturn.com/tf-db/promotal-intro/promotal/assets/css/icofont.css]
[themeturn.com/tf-db/promotal-intro/promotal/assets/fonts/icofont7858.svg]
[themeturn.com/tf-db/promotal-intro/promotal/assets/assets/fonts/fontawesome-webfonte0a5e0a5.eot]
[themeturn.com/tf-db/promotal-intro/promotal/assets/assets/fonts/fontawesome-webfontd41d.eot]
[themeturn.com/tf-db/promotal-intro/promotal/assets/assets/fonts/fontawesome-webfonte0a5e0a5.woff2]
[themeturn.com/tf-db/promotal-intro/promotal/assets/fonts/fontawesome-webfonte0a5e0a5.woff]
[themeturn.com/tf-db/promotal-intro/promotal/assets/assets/fonts/fontawesome-webfonte0a5e0a5.ttf]
[themeturn.com/tf-db/promotal-intro/promotal/assets/assets/fonts/fontawesome-webfonte0a5e0a5.svg]
[themeturn.com/tf-db/promotal-intro/promotal/assets/css/font-awesome.css]
[themeturn.com/tf-db/promotal-intro/promotal/assets/css/owl.video.play.png]
[themeturn.com/tf-db/promotal-intro/promotal/assets/css/owl.carousel.min.css]
[themeturn.com/tf-db/promotal-intro/promotal/assets/css/owl.theme.default.min.css]
[themeturn.com/tf-db/promotal-intro/promotal/assets/css/aos.css]
[themeturn.com/tf-db/promotal-intro/promotal/assets/css/animate.css]
[themeturn.com/tf-db/promotal-intro/promotal/assets/img/banner/bg-1.jpg]
[themeturn.com/tf-db/promotal-intro/promotal/assets/img/banner/bg-3.jpg]
[themeturn.com/tf-db/promotal-intro/promotal/assets/images/slider/bg-1.jpg]
[themeturn.com/tf-db/promotal-intro/promotal/assets/images/slider/slider-3.jpg]
[themeturn.com/tf-db/promotal-intro/promotal/assets/images/slider/8.jpg]
[themeturn.com/tf-db/promotal-intro/promotal/assets/images/slider/slider-1.jpg]
[themeturn.com/tf-db/promotal-intro/promotal/assets/images/slider/slider-2.jpg]
[themeturn.com/tf-db/promotal-intro/promotal/assets/css/style.css]
[themeturn.com/tf-db/promotal-intro/promotal/assets/css/responsive.css]
[themeturn.com/tf-db/promotal-intro/promotal/index-2.html]
[themeturn.com/tf-db/promotal-intro/promotal/assets/images/about/story-about.png]
[themeturn.com/tf-db/promotal-intro/promotal/assets/images/about/object2.png]
[themeturn.com/tf-db/promotal-intro/promotal/index-slider.html]
[themeturn.com/tf-db/promotal-intro/promotal/index-slider2.html]
[themeturn.com/tf-db/promotal-intro/promotal/about.html]
[themeturn.com/tf-db/promotal-intro/promotal/service.html]
[themeturn.com/tf-db/promotal-intro/promotal/assets/images/blog/blog-1.jpg]
[themeturn.com/tf-db/promotal-intro/promotal/assets/images/blog/blog-2.jpg]
[themeturn.com/tf-db/promotal-intro/promotal/assets/images/blog/blog-3.jpg]
[themeturn.com/tf-db/promotal-intro/promotal/assets/images/blog/inner-4.jpg]
[themeturn.com/tf-db/promotal-intro/promotal/assets/images/blog/inner-5.jpg]
[themeturn.com/tf-db/promotal-intro/promotal/assets/images/blog/inner-6.jpg]
[themeturn.com/tf-db/promotal-intro/promotal/assets/images/tweet/tweet-1.jpg]
[themeturn.com/tf-db/promotal-intro/promotal/blog.html]
[themeturn.com/tf-db/promotal-intro/promotal/assets/images/blog/blog-big1.jpg]
[themeturn.com/tf-db/promotal-intro/promotal/assets/images/blog/author.jpg]
[themeturn.com/tf-db/promotal-intro/promotal/blog-single.html]
[themeturn.com/tf-db/promotal-intro/promotal/contact.html]
[themeturn.com/tf-db/promotal-intro/promotal/assets/fonts/icofont7858.svg]
[themeturn.com/tf-db/promotal-intro/promotal/assets/assets/fonts/fontawesome-webfonte0a5e0a5.html]
[themeturn.com/tf-db/promotal-intro/promotal/assets/assets/fonts/fontawesome-webfontd41d.html]
[themeturn.com/tf-db/promotal-intro/promotal/assets/assets/fonts/fontawesome-webfonte0a5e0a5-2.html]
[themeturn.com/tf-db/promotal-intro/promotal/assets/assets/fonts/fontawesome-webfonte0a5e0a5-3.html]
[themeturn.com/tf-db/promotal-intro/promotal/assets/assets/fonts/fontawesome-webfonte0a5e0a5-4.html]
[themeturn.com/tf-db/promotal-intro/promotal/assets/css/owl.video.play.html]
[themeturn.com/tf-db/promotal-intro/promotal/assets/img/banner/bg-1.html]
[themeturn.com/tf-db/promotal-intro/promotal/assets/img/banner/bg-3.html]
